// Jest Snapshot v1, https://goo.gl/fbAQLP

exports[`transaction table renders correct snapshot 1`] = `
<div>
  <transactionheader-stub selected_account_id="38e690f8-198f-4735-96fb-3a2ab15081c2"></transactionheader-stub>
  <v-data-table-stub mobilebreakpoint="600" items="" options="[object Object]" customsort="[Function]" page="1" itemsperpage="50" groupby="" groupdesc="" customgroup="[Function]" locale="en-US" customfilter="[Function]" serveritemslength="0" itemkey="_id" value="" expanded="" singleexpand="true" noresultstext="$vuetify.dataIterator.noResultsText" nodatatext="$vuetify.noDataText" loadingtext="$vuetify.dataIterator.loadingText" footerprops="[object Object]" selectablekey="isSelectable" loaderheight="4" headers="[object Object],[object Object],[object Object],[object Object],[object Object],[object Object],[object Object],[object Object]" showselect="true" expandicon="$expand" itemclass="" refs="items"></v-data-table-stub>
  <v-btn-stub tag="button" activeclass="" type="button"> Create </v-btn-stub>
  <v-btn-stub tag="button" activeclass="" type="button"> Delete selected </v-btn-stub>
  <v-btn-stub tag="button" activeclass="" type="button"> Clear Selected </v-btn-stub>
  <v-btn-stub tag="button" activeclass="" type="button"> Unclear Selected </v-btn-stub>
  <v-btn-stub tag="button" activeclass="" type="button">Fetch Succeeding</v-btn-stub>
  <v-btn-stub tag="button" activeclass="" type="button">Fetch Preceding</v-btn-stub>
  <v-btn-stub tag="button" activeclass="" type="button">Get Transactions</v-btn-stub>
  <v-menu-stub opendelay="0" closedelay="0" bottom="true" openonclick="true" contentclass="" maxwidth="auto" nudgebottom="0" nudgeleft="0" nudgeright="0" nudgetop="0" nudgewidth="0" closeonclick="true" closeoncontentclick="true" maxheight="auto" offsetx="true" origin="top left" transition="v-menu-transition">
    <v-list-stub tag="div"></v-list-stub>
  </v-menu-stub>
  <v-btn-stub tag="button" activeclass="" type="button">
    <v-icon-stub left="">mdi-cloud-upload</v-icon-stub> <span>Import</span>
  </v-btn-stub>
  <importmodalcomponent-stub account="38e690f8-198f-4735-96fb-3a2ab15081c2"></importmodalcomponent-stub>
</div>
`;
